// Jest Snapshot v1, https://goo.gl/fbAQLP

exports[`tests produce 1`] = `
{
  "headers": {
    "x-b3-flags": "1",
    "x-b3-parentspanid": "101112",
    "x-b3-sampled": "1",
    "x-b3-spanid": "789",
    "x-b3-traceid": "456",
    "x-ot-span-context": "foo",
    "x-request-id": "123",
  },
  "value": {
    "data": "foo",
  },
}
`;
